###############################################################################
#
# IAR ELF Linker V8.22.1.15669/W32 for ARM                27/Jul/2020  18:23:23
# Copyright 2007-2018 IAR Systems AB.
#
#    Output file  =  
#        E:\University-working\project\embeded_programming\lesson11\Debug\Exe\lesson1.out
#    Map file     =  
#        E:\University-working\project\embeded_programming\lesson11\Debug\List\lesson1.map
#    Command line =  
#        -f C:\Users\BLUECO~1\AppData\Local\Temp\EW2308.tmp
#        (E:\University-working\project\embeded_programming\lesson11\Debug\Obj\main.o
#        -o
#        E:\University-working\project\embeded_programming\lesson11\Debug\Exe\lesson1.out
#        --redirect _Printf=_PrintfFullNoMb --redirect _Scanf=_ScanfFullNoMb
#        --map
#        E:\University-working\project\embeded_programming\lesson11\Debug\List\lesson1.map
#        --config
#        E:\University-working\project\embeded_programming\lesson11\lesson1.icf
#        --semihosting --entry __iar_program_start --vfe --text_out locale)
#
###############################################################################

*******************************************************************************
*** RUNTIME MODEL ATTRIBUTES
***

CppFlavor       = *
__SystemLibrary = DLib
__dlib_version  = 6


*******************************************************************************
*** HEAP SELECTION
***

The basic heap was selected because no calls to memory allocation
functions were found in the application outside of system library
functions, and there are calls to deallocation functions in the
application.


*******************************************************************************
*** PLACEMENT SUMMARY
***

"A0":  place at 0x00000000 { ro section .intvec };
"P1":  place in [from 0x00000000 to 0x0003ffff] { ro };
define block CSTACK with size = 1K, alignment = 8 { };
define block HEAP with size = 0M, alignment = 8 { };
"P2":  place in [from 0x20000000 to 0x20007fff] {
          rw, block CSTACK, block HEAP };

  Section          Kind        Address   Size  Object
  -------          ----        -------   ----  ------
"A0":                                    0x40
  .intvec          ro code  0x00000000   0x40  vector_table_M.o [5]
                          - 0x00000040   0x40

"P1":                                   0x228
  .text            ro code  0x00000040  0x134  main.o [1]
  .text            ro code  0x00000174   0x40  zero_init3.o [5]
  .text            ro code  0x000001b4   0x28  data_init.o [5]
  .text            ro code  0x000001dc   0x22  fpinit_M.o [4]
  .iar.init_table  const    0x00000200   0x10  - Linker created -
  .text            ro code  0x00000210    0x2  vector_table_M.o [5]
  .text            ro code  0x00000214   0x1e  cmain.o [5]
  .text            ro code  0x00000232    0x4  low_level_init.o [3]
  .text            ro code  0x00000236    0x4  exit.o [3]
  .text            ro code  0x0000023c    0xa  cexit.o [5]
  .text            ro code  0x00000248   0x14  exit.o [6]
  .text            ro code  0x0000025c    0xc  cstartup_M.o [5]
  .rodata          const    0x00000268    0x0  zero_init3.o [5]
                          - 0x00000268  0x228

"P2", part 1 of 2:                       0x14
  .bss             zero     0x20000000    0x4  main.o [1]
  .bss             zero     0x20000004    0x4  main.o [1]
  .bss             zero     0x20000008    0x4  main.o [1]
  .bss             zero     0x2000000c    0x2  main.o [1]
  .bss             zero     0x2000000e    0x2  main.o [1]
  .bss             zero     0x20000010    0x1  main.o [1]
  .bss             zero     0x20000011    0x1  main.o [1]
                          - 0x20000012   0x12

"P2", part 2 of 2:                      0x400
  CSTACK                    0x20000018  0x400  <Block>
    CSTACK         uninit   0x20000018  0x400  <Block tail>
                          - 0x20000418  0x400


*******************************************************************************
*** INIT TABLE
***

          Address     Size
          -------     ----
Zero (__iar_zero_init3)
    1 destination range, total size 0x12:
          0x20000000  0x12



*******************************************************************************
*** MODULE SUMMARY
***

    Module            ro code  ro data  rw data
    ------            -------  -------  -------
E:\University-working\project\embeded_programming\lesson11\Debug\Obj: [1]
    main.o                308                18
    -------------------------------------------
    Total:                308                18

command line: [2]
    -------------------------------------------
    Total:

dl7M_tln.a: [3]
    exit.o                  4
    low_level_init.o        4
    -------------------------------------------
    Total:                  8

m7M_tls.a: [4]
    fpinit_M.o             34
    -------------------------------------------
    Total:                 34

rt7M_tl.a: [5]
    cexit.o                10
    cmain.o                30
    cstartup_M.o           12
    data_init.o            40
    vector_table_M.o       66
    zero_init3.o           64
    -------------------------------------------
    Total:                222

shb_l.a: [6]
    exit.o                 20
    -------------------------------------------
    Total:                 20

    Gaps                    6        2
    Linker created                  16    1 024
-----------------------------------------------
    Grand Total:          598       18    1 042


*******************************************************************************
*** ENTRY LIST
***

Entry                      Address  Size  Type      Object
-----                      -------  ----  ----      ------
.iar.init_table$$Base   0x00000200         --   Gb  - Linker created -
.iar.init_table$$Limit  0x00000210         --   Gb  - Linker created -
?main                   0x00000215        Code  Gb  cmain.o [5]
CSTACK$$Base            0x20000018         --   Gb  - Linker created -
CSTACK$$Limit           0x20000418         --   Gb  - Linker created -
Region$$Table$$Base     0x00000200         --   Gb  - Linker created -
Region$$Table$$Limit    0x00000210         --   Gb  - Linker created -
__cmain                 0x00000215        Code  Gb  cmain.o [5]
__exit                  0x00000249  0x14  Code  Gb  exit.o [6]
__iar_data_init3        0x000001b5  0x28  Code  Gb  data_init.o [5]
__iar_init_vfp          0x000001dd        Code  Gb  fpinit_M.o [4]
__iar_program_start     0x0000025d        Code  Gb  cstartup_M.o [5]
__iar_systems$$module {Abs}
                        0x00000001        Data  Gb  command line/config [2]
__iar_zero_init3        0x00000175  0x40  Code  Gb  zero_init3.o [5]
__low_level_init        0x00000233   0x4  Code  Gb  low_level_init.o [3]
__vector_table          0x00000000        Data  Gb  vector_table_M.o [5]
_call_main              0x00000221        Code  Gb  cmain.o [5]
_exit                   0x0000023d        Code  Gb  cexit.o [5]
_main                   0x0000022f        Code  Gb  cmain.o [5]
delay                   0x00000041  0x14  Code  Gb  main.o [1]
exit                    0x00000237   0x4  Code  Gb  exit.o [3]
main                    0x00000055  0xe0  Code  Gb  main.o [1]
s32                     0x20000008   0x4  Data  Gb  main.o [1]
u16c                    0x2000000c   0x2  Data  Gb  main.o [1]
u16d                    0x2000000e   0x2  Data  Gb  main.o [1]
u32e                    0x20000000   0x4  Data  Gb  main.o [1]
u32f                    0x20000004   0x4  Data  Gb  main.o [1]
u8a                     0x20000010   0x1  Data  Gb  main.o [1]
u8b                     0x20000011   0x1  Data  Gb  main.o [1]


[1] = E:\University-working\project\embeded_programming\lesson11\Debug\Obj
[2] = command line
[3] = dl7M_tln.a
[4] = m7M_tls.a
[5] = rt7M_tl.a
[6] = shb_l.a

    598 bytes of readonly  code memory
     18 bytes of readonly  data memory
  1 042 bytes of readwrite data memory

Errors: none
Warnings: none
