###############################################################################
#
# IAR ELF Linker V8.22.1.15669/W32 for ARM                26/Jul/2020  14:36:22
# Copyright 2007-2018 IAR Systems AB.
#
#    Output file  =  
#        C:\Users\BLUE
#        COM\Desktop\project\embeded_programming\lesson7\Debug\Exe\lesson1.out
#    Map file     =  
#        C:\Users\BLUE
#        COM\Desktop\project\embeded_programming\lesson7\Debug\List\lesson1.map
#    Command line =  
#        -f C:\Users\BLUECO~1\AppData\Local\Temp\EWDC35.tmp ("C:\Users\BLUE
#        COM\Desktop\project\embeded_programming\lesson7\Debug\Obj\main.o" -o
#        "C:\Users\BLUE
#        COM\Desktop\project\embeded_programming\lesson7\Debug\Exe\lesson1.out"
#        --redirect _Printf=_PrintfFullNoMb --redirect _Scanf=_ScanfFullNoMb
#        --map "C:\Users\BLUE
#        COM\Desktop\project\embeded_programming\lesson7\Debug\List\lesson1.map"
#        --config "C:\Program Files (x86)\IAR Systems\Embedded Workbench
#        8.0\arm\config\linker\TexasInstruments\LM4F120H5QR.icf" --semihosting
#        --entry __iar_program_start --vfe --text_out locale)
#
###############################################################################

*******************************************************************************
*** RUNTIME MODEL ATTRIBUTES
***

CppFlavor       = *
__SystemLibrary = DLib
__dlib_version  = 6


*******************************************************************************
*** HEAP SELECTION
***

The basic heap was selected because no calls to memory allocation
functions were found in the application outside of system library
functions, and there are calls to deallocation functions in the
application.


*******************************************************************************
*** PLACEMENT SUMMARY
***

"A0":  place at 0x00000000 { ro section .intvec };
"P1":  place in [from 0x00000000 to 0x0003ffff] { ro };
define block CSTACK with size = 2K, alignment = 8 { };
define block HEAP with size = 8K, alignment = 8 { };
"P2":  place in [from 0x20000000 to 0x20007fff] {
          rw, block CSTACK, block HEAP };

No sections matched the following patterns:

  rw  in "P2"


  Section   Kind        Address   Size  Object
  -------   ----        -------   ----  ------
"A0":                             0x40
  .intvec   ro code  0x00000000   0x40  vector_table_M.o [5]
                   - 0x00000040   0x40

"P1":                            0x104
  .text     ro code  0x00000040   0x8c  main.o [1]
  .text     ro code  0x000000cc   0x22  fpinit_M.o [4]
  .text     ro code  0x000000ee    0x2  vector_table_M.o [5]
  .text     ro code  0x000000f0   0x1e  cmain.o [5]
  .text     ro code  0x0000010e    0x4  low_level_init.o [3]
  .text     ro code  0x00000112    0x4  exit.o [3]
  .text     ro code  0x00000118    0xa  cexit.o [5]
  .text     ro code  0x00000124   0x14  exit.o [6]
  .text     ro code  0x00000138    0xc  cstartup_M.o [5]
                   - 0x00000144  0x104

"P2":                            0x800
  CSTACK             0x20000000  0x800  <Block>
    CSTACK  uninit   0x20000000  0x800  <Block tail>
                   - 0x20000800  0x800



*******************************************************************************
*** MODULE SUMMARY
***

    Module            ro code  rw data
    ------            -------  -------
C:\Users\BLUE COM\Desktop\project\embeded_programming\lesson7\Debug\Obj: [1]
    main.o                140
    ----------------------------------
    Total:                140

command line: [2]
    ----------------------------------
    Total:

dl7M_tln.a: [3]
    exit.o                  4
    low_level_init.o        4
    ----------------------------------
    Total:                  8

m7M_tls.a: [4]
    fpinit_M.o             34
    ----------------------------------
    Total:                 34

rt7M_tl.a: [5]
    cexit.o                10
    cmain.o                30
    cstartup_M.o           12
    vector_table_M.o       66
    ----------------------------------
    Total:                118

shb_l.a: [6]
    exit.o                 20
    ----------------------------------
    Total:                 20

    Gaps                    4
    Linker created               2 048
--------------------------------------
    Grand Total:          324    2 048


*******************************************************************************
*** ENTRY LIST
***

Entry                      Address  Size  Type      Object
-----                      -------  ----  ----      ------
?main                   0x000000f1        Code  Gb  cmain.o [5]
CSTACK$$Base            0x20000000         --   Gb  - Linker created -
CSTACK$$Limit           0x20000800         --   Gb  - Linker created -
Region$$Table$$Base     0x00000000         --   Gb  - Linker created -
Region$$Table$$Limit    0x00000000         --   Gb  - Linker created -
__cmain                 0x000000f1        Code  Gb  cmain.o [5]
__exit                  0x00000125  0x14  Code  Gb  exit.o [6]
__iar_init_vfp          0x000000cd        Code  Gb  fpinit_M.o [4]
__iar_program_start     0x00000139        Code  Gb  cstartup_M.o [5]
__iar_systems$$module {Abs}
                        0x00000001        Data  Gb  command line/config [2]
__low_level_init        0x0000010f   0x4  Code  Gb  low_level_init.o [3]
__vector_table          0x00000000        Data  Gb  vector_table_M.o [5]
_call_main              0x000000fd        Code  Gb  cmain.o [5]
_exit                   0x00000119        Code  Gb  cexit.o [5]
_main                   0x0000010b        Code  Gb  cmain.o [5]
exit                    0x00000113   0x4  Code  Gb  exit.o [3]
main                    0x00000041  0x8c  Code  Gb  main.o [1]


[1] = C:\Users\BLUE COM\Desktop\project\embeded_programming\lesson7\Debug\Obj
[2] = command line
[3] = dl7M_tln.a
[4] = m7M_tls.a
[5] = rt7M_tl.a
[6] = shb_l.a

    324 bytes of readonly  code memory
  2 048 bytes of readwrite data memory

Errors: none
Warnings: none
