###############################################################################
#
# IAR ELF Linker V8.22.1.15669/W32 for ARM                24/Jul/2020  18:15:23
# Copyright 2007-2018 IAR Systems AB.
#
#    Output file  =  
#        C:\Users\BLUE
#        COM\Desktop\project\embeded_programming\lesson3\Debug\Exe\lesson1.out
#    Map file     =  
#        C:\Users\BLUE
#        COM\Desktop\project\embeded_programming\lesson3\Debug\List\lesson1.map
#    Command line =  
#        -f C:\Users\BLUECO~1\AppData\Local\Temp\EW8D37.tmp ("C:\Users\BLUE
#        COM\Desktop\project\embeded_programming\lesson3\Debug\Obj\main.o" -o
#        "C:\Users\BLUE
#        COM\Desktop\project\embeded_programming\lesson3\Debug\Exe\lesson1.out"
#        --redirect _Printf=_PrintfFullNoMb --redirect _Scanf=_ScanfFullNoMb
#        --map "C:\Users\BLUE
#        COM\Desktop\project\embeded_programming\lesson3\Debug\List\lesson1.map"
#        --config "C:\Program Files (x86)\IAR Systems\Embedded Workbench
#        8.0\arm\config\linker\TexasInstruments\LM4F120H5QR.icf" --semihosting
#        --entry __iar_program_start --vfe --text_out locale)
#
###############################################################################

*******************************************************************************
*** RUNTIME MODEL ATTRIBUTES
***

CppFlavor       = *
__SystemLibrary = DLib
__dlib_version  = 6


*******************************************************************************
*** HEAP SELECTION
***

The basic heap was selected because no calls to memory allocation
functions were found in the application outside of system library
functions, and there are calls to deallocation functions in the
application.


*******************************************************************************
*** PLACEMENT SUMMARY
***

"A0":  place at 0x00000000 { ro section .intvec };
"P1":  place in [from 0x00000000 to 0x0003ffff] { ro };
define block CSTACK with size = 2K, alignment = 8 { };
define block HEAP with size = 8K, alignment = 8 { };
"P2":  place in [from 0x20000000 to 0x20007fff] {
          rw, block CSTACK, block HEAP };

  Section          Kind        Address   Size  Object
  -------          ----        -------   ----  ------
"A0":                                    0x40
  .intvec          ro code  0x00000000   0x40  vector_table_M.o [5]
                          - 0x00000040   0x40

"P1":                                   0x11c
  .text            ro code  0x00000040   0x40  zero_init3.o [5]
  .text            ro code  0x00000080   0x28  main.o [1]
  .text            ro code  0x000000a8   0x28  data_init.o [5]
  .text            ro code  0x000000d0   0x22  fpinit_M.o [4]
  .iar.init_table  const    0x000000f4   0x10  - Linker created -
  .text            ro code  0x00000104    0x2  vector_table_M.o [5]
  .text            ro code  0x00000108   0x1e  cmain.o [5]
  .text            ro code  0x00000126    0x4  low_level_init.o [3]
  .text            ro code  0x0000012a    0x4  exit.o [3]
  .text            ro code  0x00000130    0xa  cexit.o [5]
  .text            ro code  0x0000013c   0x14  exit.o [6]
  .text            ro code  0x00000150    0xc  cstartup_M.o [5]
  .rodata          const    0x0000015c    0x0  zero_init3.o [5]
                          - 0x0000015c  0x11c

"P2", part 1 of 2:                        0x4
  .bss             zero     0x20000000    0x4  main.o [1]
                          - 0x20000004    0x4

"P2", part 2 of 2:                      0x800
  CSTACK                    0x20000008  0x800  <Block>
    CSTACK         uninit   0x20000008  0x800  <Block tail>
                          - 0x20000808  0x800


*******************************************************************************
*** INIT TABLE
***

          Address     Size
          -------     ----
Zero (__iar_zero_init3)
    1 destination range, total size 0x4:
          0x20000000   0x4



*******************************************************************************
*** MODULE SUMMARY
***

    Module            ro code  ro data  rw data
    ------            -------  -------  -------
C:\Users\BLUE COM\Desktop\project\embeded_programming\lesson3\Debug\Obj: [1]
    main.o                 40                 4
    -------------------------------------------
    Total:                 40                 4

command line: [2]
    -------------------------------------------
    Total:

dl7M_tln.a: [3]
    exit.o                  4
    low_level_init.o        4
    -------------------------------------------
    Total:                  8

m7M_tls.a: [4]
    fpinit_M.o             34
    -------------------------------------------
    Total:                 34

rt7M_tl.a: [5]
    cexit.o                10
    cmain.o                30
    cstartup_M.o           12
    data_init.o            40
    vector_table_M.o       66
    zero_init3.o           64
    -------------------------------------------
    Total:                222

shb_l.a: [6]
    exit.o                 20
    -------------------------------------------
    Total:                 20

    Gaps                    6        2
    Linker created                  16    2 048
-----------------------------------------------
    Grand Total:          330       18    2 052


*******************************************************************************
*** ENTRY LIST
***

Entry                      Address  Size  Type      Object
-----                      -------  ----  ----      ------
.iar.init_table$$Base   0x000000f4         --   Gb  - Linker created -
.iar.init_table$$Limit  0x00000104         --   Gb  - Linker created -
?main                   0x00000109        Code  Gb  cmain.o [5]
CSTACK$$Base            0x20000008         --   Gb  - Linker created -
CSTACK$$Limit           0x20000808         --   Gb  - Linker created -
Region$$Table$$Base     0x000000f4         --   Gb  - Linker created -
Region$$Table$$Limit    0x00000104         --   Gb  - Linker created -
__cmain                 0x00000109        Code  Gb  cmain.o [5]
__exit                  0x0000013d  0x14  Code  Gb  exit.o [6]
__iar_data_init3        0x000000a9  0x28  Code  Gb  data_init.o [5]
__iar_init_vfp          0x000000d1        Code  Gb  fpinit_M.o [4]
__iar_program_start     0x00000151        Code  Gb  cstartup_M.o [5]
__iar_systems$$module {Abs}
                        0x00000001        Data  Gb  command line/config [2]
__iar_zero_init3        0x00000041  0x40  Code  Gb  zero_init3.o [5]
__low_level_init        0x00000127   0x4  Code  Gb  low_level_init.o [3]
__vector_table          0x00000000        Data  Gb  vector_table_M.o [5]
_call_main              0x00000115        Code  Gb  cmain.o [5]
_exit                   0x00000131        Code  Gb  cexit.o [5]
_main                   0x00000123        Code  Gb  cmain.o [5]
counter                 0x20000000   0x4  Data  Gb  main.o [1]
exit                    0x0000012b   0x4  Code  Gb  exit.o [3]
main                    0x00000081  0x28  Code  Gb  main.o [1]


[1] = C:\Users\BLUE COM\Desktop\project\embeded_programming\lesson3\Debug\Obj
[2] = command line
[3] = dl7M_tln.a
[4] = m7M_tls.a
[5] = rt7M_tl.a
[6] = shb_l.a

    330 bytes of readonly  code memory
     18 bytes of readonly  data memory
  2 052 bytes of readwrite data memory

Errors: none
Warnings: none
